Traceback (most recent call last):
  File "/home/codespace/.local/lib/python3.12/site-packages/jupyter_core/utils/__init__.py", line 154, in wrapped
    asyncio.get_running_loop()
RuntimeError: no running event loop

During handling of the above exception, another exception occurred:

Traceback (most recent call last):
  File "/usr/local/python/3.12.1/lib/python3.12/site-packages/jupyter_cache/executors/utils.py", line 58, in single_nb_execution
    executenb(
  File "/home/codespace/.local/lib/python3.12/site-packages/nbclient/client.py", line 1319, in execute
    return NotebookClient(nb=nb, resources=resources, km=km, **kwargs).execute()
           ^^^^^^^^^^^^^^^^^^^^^^^^^^^^^^^^^^^^^^^^^^^^^^^^^^^^^^^^^^^^^^^^^^^^^
  File "/home/codespace/.local/lib/python3.12/site-packages/jupyter_core/utils/__init__.py", line 158, in wrapped
    return loop.run_until_complete(inner)
           ^^^^^^^^^^^^^^^^^^^^^^^^^^^^^^
  File "/usr/local/python/3.12.1/lib/python3.12/asyncio/base_events.py", line 684, in run_until_complete
    return future.result()
           ^^^^^^^^^^^^^^^
  File "/home/codespace/.local/lib/python3.12/site-packages/nbclient/client.py", line 709, in async_execute
    await self.async_execute_cell(
  File "/home/codespace/.local/lib/python3.12/site-packages/nbclient/client.py", line 1062, in async_execute_cell
    await self._check_raise_for_error(cell, cell_index, exec_reply)
  File "/home/codespace/.local/lib/python3.12/site-packages/nbclient/client.py", line 918, in _check_raise_for_error
    raise CellExecutionError.from_cell_and_msg(cell, exec_reply_content)
nbclient.exceptions.CellExecutionError: An error occurred while executing the following cell:
------------------
# Install library PyOD (untuk ABOD)
!pip install pyod

# Import library
import pandas as pd
import matplotlib.pyplot as plt
from pyod.models.abod import ABOD

# 1. Baca data CSV
df = pd.read_csv("Iris.csv")   # ganti path jika perlu
print(df.head())

# 2. Ambil fitur numerik (buang kolom non-numerik seperti 'Species')
X = df.drop(columns=['Species', 'Id'])

# 3. Jalankan ABOD
clf = ABOD(contamination=0.05)  # 5% diasumsikan outlier
clf.fit(X)

# 4. Prediksi outlier
df['outlier'] = clf.predict(X)   # 0 = normal, 1 = outlier
df['score'] = clf.decision_function(X)  # skor outlier

print(df.head())

# 5. Visualisasi (contoh: SepalLengthCm vs SepalWidthCm)
plt.figure(figsize=(8,6))
plt.scatter(df['SepalLengthCm'], df['SepalWidthCm'],
            c=df['outlier'], cmap='coolwarm', edgecolor='k')
plt.xlabel("SepalLengthCm")
plt.ylabel("SepalWidthCm")
plt.title("Deteksi Outlier dengan ABOD (Iris Dataset)")
plt.show()
------------------

----- stdout -----
Requirement already satisfied: pyod in /workspaces/PSD/pycaret-env/lib/python3.11/site-packages (2.0.5)
Requirement already satisfied: joblib in /workspaces/PSD/pycaret-env/lib/python3.11/site-packages (from pyod) (1.3.2)
Requirement already satisfied: matplotlib in /workspaces/PSD/pycaret-env/lib/python3.11/site-packages (from pyod) (3.7.5)
Requirement already satisfied: numpy>=1.19 in /workspaces/PSD/pycaret-env/lib/python3.11/site-packages (from pyod) (1.26.4)
Requirement already satisfied: numba>=0.51 in /workspaces/PSD/pycaret-env/lib/python3.11/site-packages (from pyod) (0.61.2)
Requirement already satisfied: scipy>=1.5.1 in /workspaces/PSD/pycaret-env/lib/python3.11/site-packages (from pyod) (1.11.4)
Requirement already satisfied: scikit-learn>=0.22.0 in /workspaces/PSD/pycaret-env/lib/python3.11/site-packages (from pyod) (1.4.2)
Requirement already satisfied: llvmlite<0.45,>=0.44.0dev0 in /workspaces/PSD/pycaret-env/lib/python3.11/site-packages (from numba>=0.51->pyod) (0.44.0)
Requirement already satisfied: threadpoolctl>=2.0.0 in /workspaces/PSD/pycaret-env/lib/python3.11/site-packages (from scikit-learn>=0.22.0->pyod) (3.6.0)
----- stdout -----
Requirement already satisfied: contourpy>=1.0.1 in /workspaces/PSD/pycaret-env/lib/python3.11/site-packages (from matplotlib->pyod) (1.3.3)
Requirement already satisfied: cycler>=0.10 in /workspaces/PSD/pycaret-env/lib/python3.11/site-packages (from matplotlib->pyod) (0.12.1)
Requirement already satisfied: fonttools>=4.22.0 in /workspaces/PSD/pycaret-env/lib/python3.11/site-packages (from matplotlib->pyod) (4.59.2)
Requirement already satisfied: kiwisolver>=1.0.1 in /workspaces/PSD/pycaret-env/lib/python3.11/site-packages (from matplotlib->pyod) (1.4.9)
Requirement already satisfied: packaging>=20.0 in /workspaces/PSD/pycaret-env/lib/python3.11/site-packages (from matplotlib->pyod) (25.0)
Requirement already satisfied: pillow>=6.2.0 in /workspaces/PSD/pycaret-env/lib/python3.11/site-packages (from matplotlib->pyod) (11.3.0)
Requirement already satisfied: pyparsing>=2.3.1 in /workspaces/PSD/pycaret-env/lib/python3.11/site-packages (from matplotlib->pyod) (3.2.4)
Requirement already satisfied: python-dateutil>=2.7 in /workspaces/PSD/pycaret-env/lib/python3.11/site-packages (from matplotlib->pyod) (2.9.0.post0)
Requirement already satisfied: six>=1.5 in /workspaces/PSD/pycaret-env/lib/python3.11/site-packages (from python-dateutil>=2.7->matplotlib->pyod) (1.17.0)
------------------

[31m---------------------------------------------------------------------------[39m
[31mFileNotFoundError[39m                         Traceback (most recent call last)
[36mCell[39m[36m [39m[32mIn[1][39m[32m, line 10[39m
[32m      7[39m [38;5;28;01mfrom[39;00m[38;5;250m [39m[34;01mpyod[39;00m[34;01m.[39;00m[34;01mmodels[39;00m[34;01m.[39;00m[34;01mabod[39;00m[38;5;250m [39m[38;5;28;01mimport[39;00m ABOD
[32m      9[39m [38;5;66;03m# 1. Baca data CSV[39;00m
[32m---> [39m[32m10[39m df = [43mpd[49m[43m.[49m[43mread_csv[49m[43m([49m[33;43m"[39;49m[33;43mIris.csv[39;49m[33;43m"[39;49m[43m)[49m   [38;5;66;03m# ganti path jika perlu[39;00m
[32m     11[39m [38;5;28mprint[39m(df.head())
[32m     13[39m [38;5;66;03m# 2. Ambil fitur numerik (buang kolom non-numerik seperti 'Species')[39;00m

[36mFile [39m[32m/workspaces/PSD/pycaret-env/lib/python3.11/site-packages/pandas/io/parsers/readers.py:948[39m, in [36mread_csv[39m[34m(filepath_or_buffer, sep, delimiter, header, names, index_col, usecols, dtype, engine, converters, true_values, false_values, skipinitialspace, skiprows, skipfooter, nrows, na_values, keep_default_na, na_filter, verbose, skip_blank_lines, parse_dates, infer_datetime_format, keep_date_col, date_parser, date_format, dayfirst, cache_dates, iterator, chunksize, compression, thousands, decimal, lineterminator, quotechar, quoting, doublequote, escapechar, comment, encoding, encoding_errors, dialect, on_bad_lines, delim_whitespace, low_memory, memory_map, float_precision, storage_options, dtype_backend)[39m
[32m    935[39m kwds_defaults = _refine_defaults_read(
[32m    936[39m     dialect,
[32m    937[39m     delimiter,
[32m   (...)[39m[32m    944[39m     dtype_backend=dtype_backend,
[32m    945[39m )
[32m    946[39m kwds.update(kwds_defaults)
[32m--> [39m[32m948[39m [38;5;28;01mreturn[39;00m [43m_read[49m[43m([49m[43mfilepath_or_buffer[49m[43m,[49m[43m [49m[43mkwds[49m[43m)[49m

[36mFile [39m[32m/workspaces/PSD/pycaret-env/lib/python3.11/site-packages/pandas/io/parsers/readers.py:611[39m, in [36m_read[39m[34m(filepath_or_buffer, kwds)[39m
[32m    608[39m _validate_names(kwds.get([33m"[39m[33mnames[39m[33m"[39m, [38;5;28;01mNone[39;00m))
[32m    610[39m [38;5;66;03m# Create the parser.[39;00m
[32m--> [39m[32m611[39m parser = [43mTextFileReader[49m[43m([49m[43mfilepath_or_buffer[49m[43m,[49m[43m [49m[43m*[49m[43m*[49m[43mkwds[49m[43m)[49m
[32m    613[39m [38;5;28;01mif[39;00m chunksize [38;5;129;01mor[39;00m iterator:
[32m    614[39m     [38;5;28;01mreturn[39;00m parser

[36mFile [39m[32m/workspaces/PSD/pycaret-env/lib/python3.11/site-packages/pandas/io/parsers/readers.py:1448[39m, in [36mTextFileReader.__init__[39m[34m(self, f, engine, **kwds)[39m
[32m   1445[39m     [38;5;28mself[39m.options[[33m"[39m[33mhas_index_names[39m[33m"[39m] = kwds[[33m"[39m[33mhas_index_names[39m[33m"[39m]
[32m   1447[39m [38;5;28mself[39m.handles: IOHandles | [38;5;28;01mNone[39;00m = [38;5;28;01mNone[39;00m
[32m-> [39m[32m1448[39m [38;5;28mself[39m._engine = [38;5;28;43mself[39;49m[43m.[49m[43m_make_engine[49m[43m([49m[43mf[49m[43m,[49m[43m [49m[38;5;28;43mself[39;49m[43m.[49m[43mengine[49m[43m)[49m

[36mFile [39m[32m/workspaces/PSD/pycaret-env/lib/python3.11/site-packages/pandas/io/parsers/readers.py:1705[39m, in [36mTextFileReader._make_engine[39m[34m(self, f, engine)[39m
[32m   1703[39m     [38;5;28;01mif[39;00m [33m"[39m[33mb[39m[33m"[39m [38;5;129;01mnot[39;00m [38;5;129;01min[39;00m mode:
[32m   1704[39m         mode += [33m"[39m[33mb[39m[33m"[39m
[32m-> [39m[32m1705[39m [38;5;28mself[39m.handles = [43mget_handle[49m[43m([49m
[32m   1706[39m [43m    [49m[43mf[49m[43m,[49m
[32m   1707[39m [43m    [49m[43mmode[49m[43m,[49m
[32m   1708[39m [43m    [49m[43mencoding[49m[43m=[49m[38;5;28;43mself[39;49m[43m.[49m[43moptions[49m[43m.[49m[43mget[49m[43m([49m[33;43m"[39;49m[33;43mencoding[39;49m[33;43m"[39;49m[43m,[49m[43m [49m[38;5;28;43;01mNone[39;49;00m[43m)[49m[43m,[49m
[32m   1709[39m [43m    [49m[43mcompression[49m[43m=[49m[38;5;28;43mself[39;49m[43m.[49m[43moptions[49m[43m.[49m[43mget[49m[43m([49m[33;43m"[39;49m[33;43mcompression[39;49m[33;43m"[39;49m[43m,[49m[43m [49m[38;5;28;43;01mNone[39;49;00m[43m)[49m[43m,[49m
[32m   1710[39m [43m    [49m[43mmemory_map[49m[43m=[49m[38;5;28;43mself[39;49m[43m.[49m[43moptions[49m[43m.[49m[43mget[49m[43m([49m[33;43m"[39;49m[33;43mmemory_map[39;49m[33;43m"[39;49m[43m,[49m[43m [49m[38;5;28;43;01mFalse[39;49;00m[43m)[49m[43m,[49m
[32m   1711[39m [43m    [49m[43mis_text[49m[43m=[49m[43mis_text[49m[43m,[49m
[32m   1712[39m [43m    [49m[43merrors[49m[43m=[49m[38;5;28;43mself[39;49m[43m.[49m[43moptions[49m[43m.[49m[43mget[49m[43m([49m[33;43m"[39;49m[33;43mencoding_errors[39;49m[33;43m"[39;49m[43m,[49m[43m [49m[33;43m"[39;49m[33;43mstrict[39;49m[33;43m"[39;49m[43m)[49m[43m,[49m
[32m   1713[39m [43m    [49m[43mstorage_options[49m[43m=[49m[38;5;28;43mself[39;49m[43m.[49m[43moptions[49m[43m.[49m[43mget[49m[43m([49m[33;43m"[39;49m[33;43mstorage_options[39;49m[33;43m"[39;49m[43m,[49m[43m [49m[38;5;28;43;01mNone[39;49;00m[43m)[49m[43m,[49m
[32m   1714[39m [43m[49m[43m)[49m
[32m   1715[39m [38;5;28;01massert[39;00m [38;5;28mself[39m.handles [38;5;129;01mis[39;00m [38;5;129;01mnot[39;00m [38;5;28;01mNone[39;00m
[32m   1716[39m f = [38;5;28mself[39m.handles.handle

[36mFile [39m[32m/workspaces/PSD/pycaret-env/lib/python3.11/site-packages/pandas/io/common.py:863[39m, in [36mget_handle[39m[34m(path_or_buf, mode, encoding, compression, memory_map, is_text, errors, storage_options)[39m
[32m    858[39m [38;5;28;01melif[39;00m [38;5;28misinstance[39m(handle, [38;5;28mstr[39m):
[32m    859[39m     [38;5;66;03m# Check whether the filename is to be opened in binary mode.[39;00m
[32m    860[39m     [38;5;66;03m# Binary mode does not support 'encoding' and 'newline'.[39;00m
[32m    861[39m     [38;5;28;01mif[39;00m ioargs.encoding [38;5;129;01mand[39;00m [33m"[39m[33mb[39m[33m"[39m [38;5;129;01mnot[39;00m [38;5;129;01min[39;00m ioargs.mode:
[32m    862[39m         [38;5;66;03m# Encoding[39;00m
[32m--> [39m[32m863[39m         handle = [38;5;28;43mopen[39;49m[43m([49m
[32m    864[39m [43m            [49m[43mhandle[49m[43m,[49m
[32m    865[39m [43m            [49m[43mioargs[49m[43m.[49m[43mmode[49m[43m,[49m
[32m    866[39m [43m            [49m[43mencoding[49m[43m=[49m[43mioargs[49m[43m.[49m[43mencoding[49m[43m,[49m
[32m    867[39m [43m            [49m[43merrors[49m[43m=[49m[43merrors[49m[43m,[49m
[32m    868[39m [43m            [49m[43mnewline[49m[43m=[49m[33;43m"[39;49m[33;43m"[39;49m[43m,[49m
[32m    869[39m [43m        [49m[43m)[49m
[32m    870[39m     [38;5;28;01melse[39;00m:
[32m    871[39m         [38;5;66;03m# Binary mode[39;00m
[32m    872[39m         handle = [38;5;28mopen[39m(handle, ioargs.mode)

[31mFileNotFoundError[39m: [Errno 2] No such file or directory: 'Iris.csv'

