Traceback (most recent call last):
  File "/home/codespace/.local/lib/python3.12/site-packages/jupyter_core/utils/__init__.py", line 154, in wrapped
    asyncio.get_running_loop()
RuntimeError: no running event loop

During handling of the above exception, another exception occurred:

Traceback (most recent call last):
  File "/usr/local/python/3.12.1/lib/python3.12/site-packages/jupyter_cache/executors/utils.py", line 58, in single_nb_execution
    executenb(
  File "/home/codespace/.local/lib/python3.12/site-packages/nbclient/client.py", line 1319, in execute
    return NotebookClient(nb=nb, resources=resources, km=km, **kwargs).execute()
           ^^^^^^^^^^^^^^^^^^^^^^^^^^^^^^^^^^^^^^^^^^^^^^^^^^^^^^^^^^^^^^^^^^^^^
  File "/home/codespace/.local/lib/python3.12/site-packages/jupyter_core/utils/__init__.py", line 158, in wrapped
    return loop.run_until_complete(inner)
           ^^^^^^^^^^^^^^^^^^^^^^^^^^^^^^
  File "/usr/local/python/3.12.1/lib/python3.12/asyncio/base_events.py", line 684, in run_until_complete
    return future.result()
           ^^^^^^^^^^^^^^^
  File "/home/codespace/.local/lib/python3.12/site-packages/nbclient/client.py", line 709, in async_execute
    await self.async_execute_cell(
  File "/home/codespace/.local/lib/python3.12/site-packages/nbclient/client.py", line 1062, in async_execute_cell
    await self._check_raise_for_error(cell, cell_index, exec_reply)
  File "/home/codespace/.local/lib/python3.12/site-packages/nbclient/client.py", line 918, in _check_raise_for_error
    raise CellExecutionError.from_cell_and_msg(cell, exec_reply_content)
nbclient.exceptions.CellExecutionError: An error occurred while executing the following cell:
------------------
# === 1. Import library ===
import pandas as pd
import matplotlib.pyplot as plt
from google.colab import files

# === 2. Upload semua CSV dari Power BI ===
print("Upload semua file CSV")
uploaded = files.upload()

# === 3. Gabungkan semua CSV ===
file_names = list(uploaded.keys())
dfs = [pd.read_csv(f) for f in file_names]
df_all = pd.concat(dfs, axis=1)

# === 4. Chart Min, Max, Mean per kolom (pisah) ===
num_cols = [col for col in df_all.columns if col != "Species"]

for col in num_cols:
    min_val = df_all[col].min()
    max_val = df_all[col].max()
    mean_val = df_all[col].mean()

    plt.figure(figsize=(5,4))
    plt.bar(["Min", "Max", "Mean"], [min_val, max_val, mean_val],
            color=["#1f77b4", "#ff7f0e", "#2ca02c"], edgecolor="black")
    plt.title(f"Statistik {col}", fontsize=14)
    plt.ylabel("Value")
    plt.grid(axis="y", linestyle="--", alpha=0.7)
    plt.show()

# === 5. Chart Jumlah Data per Species ===
if "Species" in df_all.columns:
    kelas_count = df_all["Species"].value_counts()

    plt.figure(figsize=(6,4))
    kelas_count.plot(kind="bar", color=["#1f77b4","#ff7f0e","#2ca02c"], edgecolor="black")
    plt.title("Jumlah Data per Species", fontsize=14)
    plt.xlabel("Species")
    plt.ylabel("Jumlah")
    plt.xticks(rotation=0)
    plt.grid(axis="y", linestyle="--", alpha=0.7)
    plt.show()
else:
    print("\n⚠️ Kolom 'Species' tidak ditemukan di data.")

------------------


[31m---------------------------------------------------------------------------[39m
[31mModuleNotFoundError[39m                       Traceback (most recent call last)
[36mCell[39m[36m [39m[32mIn[1][39m[32m, line 4[39m
[32m      2[39m [38;5;28;01mimport[39;00m[38;5;250m [39m[34;01mpandas[39;00m[38;5;250m [39m[38;5;28;01mas[39;00m[38;5;250m [39m[34;01mpd[39;00m
[32m      3[39m [38;5;28;01mimport[39;00m[38;5;250m [39m[34;01mmatplotlib[39;00m[34;01m.[39;00m[34;01mpyplot[39;00m[38;5;250m [39m[38;5;28;01mas[39;00m[38;5;250m [39m[34;01mplt[39;00m
[32m----> [39m[32m4[39m [38;5;28;01mfrom[39;00m[38;5;250m [39m[34;01mgoogle[39;00m[34;01m.[39;00m[34;01mcolab[39;00m[38;5;250m [39m[38;5;28;01mimport[39;00m files
[32m      6[39m [38;5;66;03m# === 2. Upload semua CSV dari Power BI ===[39;00m
[32m      7[39m [38;5;28mprint[39m([33m"[39m[33mUpload semua file CSV[39m[33m"[39m)

[31mModuleNotFoundError[39m: No module named 'google'

